<!DOCTYPE html>
<html lang="en">
<head>
  <meta charset="UTF-8" />
  <meta name="viewport" content="width=device-width, initial-scale=1.0" />
  <title>Manifest Log</title>
  <style>
    body {
      background-color: #f8f6f2;
      color: #2e2e2e;
      font-family: 'Georgia', serif;
      padding: 3rem 1rem;
      max-width: 800px;
      margin: auto;
      line-height: 1.7;
      text-align: center;
    }

    h1 {
      font-size: 2.4rem;
      color: #3a4a5a;
      margin-bottom: 1rem;
    }

    .intro {
      font-style: italic;
      color: #555;
      margin-bottom: 2rem;
    }

    .entry {
      background-color: #fffdf9;
      border-left: 4px solid #a67c52;
      padding: 1rem;
      margin-bottom: 2rem;
      text-align: left;
      box-shadow: 0 2px 6px rgba(0,0,0,0.05);
      border-radius: 6px;
    }

    .timestamp {
      font-weight: bold;
      color: #3a4a5a;
    }

    .cid {
      font-family: monospace;
      color: #2e2e2e;
    }

    .note {
      font-style: italic;
      color: #777;
      margin-top: 0.5rem;
    }

    a {
      color: #3a4a5a;
      text-decoration: underline;
    }

    a:hover {
      color: #a67c52;
    }

    footer {
      margin-top: 3rem;
      font-size: 0.9rem;
      color: #888;
    }
  </style>
</head>
<body>
  <h1>Manifest Log</h1>
  <div class="intro">
    Each entry is a timestamped moment of truth.<br>
    This ledger is not for performance—it is for permanence.
  </div>

  <div class="entry">
    <div class="timestamp">2025-09-14 22:41:48</div>
    <div class="cid">
      IPFS Hash: <a href="https://ipfs.io/ipfs/QmP5gYDM2dsmCQESoWEAXy76tQcaRTx8GoJbMfBBnmoQtj" target="_blank">QmP5gYDM2dsmCQESoWEAXy76tQcaRTx8GoJbMfBBnmoQtj</a>
    </div>
    <div>Commit: Auto commit on 2025-09-14 22:41:48</div>
    <div>Update: Refined homepage layout and anchored “Not to Win, But to Witness”</div>
    <div>Domain: quietreference.xyz</div>
    <div class="note">This version holds space for clarity, not spectacle.</div>
  </div>

  <!-- Add more entries below -->

  <footer>
    Curated with quiet intent. Each anchor inscribes a truth worth remembering.
  </footer>
</body>
</html>
2025-09-15 04:18:36 — QmVkTGi8g8aWZJNMt5gkmXxJN443w895VrkypmzT4wPg8h
Commit: Auto commit on 2025-09-15 04:18:36
Update: Anchored site with refined layout and emotional clarity.
Domain: quietreference.xyz
Note: This version holds space for truth without spectacle.

